// Jest Snapshot v1, https://goo.gl/fbAQLP

exports[`<NoData /> renders the NoData component correctly 1`] = `
<View
  style={
    Object {
      "alignItems": "center",
      "height": 400,
    }
  }
>
  <Text
    accessible={true}
    allowFontScaling={true}
    ellipsizeMode="tail"
    style={
      Array [
        Object {
          "color": "red",
          "fontFamily": "OpenSans-SemiBold",
        },
        Object {
          "color": "white",
          "fontSize": 20,
          "paddingTop": 160,
        },
      ]
    }
  >
    No data available for this location
  </Text>
</View>
`;
